Un fichier log doit être spécifié.
Un fichier log doit être spécifié.
Un fichier log doit être spécifié.
Un seul fichier log doit être spécifié.
L'heure ne doit être spécifiée qu'une seule fois.
L'heure doit être un nombre entier positif compris entre 0 et 23.
L'heure doit être un nombre entier positif compris entre 0 et 23.
