Top 10 des documents les plus visit√©s : 
  - /B.css (2 hits)
  - /B.html (2 hits)
  - /C.gif (2 hits)
  - /c.svg (2 hits)
  - /A.css (1 hits)
  - /A.gif (1 hits)
  - /A.html (1 hits)
  - /A.ico (1 hits)
  - /A.svg (1 hits)
  - /B.gif (1 hits)
