 - /A.svg (20 hits)
 - /C.js (20 hits)
 - /c.bmp (20 hits)
 - /A.gif (19 hits)
 - /a.svg (19 hits)
 - /C.gif (18 hits)
 - /a (16 hits)
 - /a.jpg (16 hits)
 - /c.gif (15 hits)
 - /A.ico (14 hits)
