Erreur pendant la lecture du fichier /dev/urandom.
