Lecture du fichier /dev/null...
Terminé !

Génération du fichier fichier.dot...
Terminé !

Top 10 des documents les plus visités : 
